<!DOCTYPE HTML>

<html>
	<head>
		<!-- Global site tag (gtag.js) - Google Analytics -->
		<script async src="https://www.googletagmanager.com/gtag/js?id=UA-109129979-1"></script>
		<script>
		  window.dataLayer = window.dataLayer || [];
		  function gtag(){dataLayer.push(arguments);}
		  gtag('js', new Date());

		  gtag('config', 'UA-109129979-1');
		</script>

		<title>Square Explained</title>
		<meta charset="utf-8" />
		<meta name="viewport" content="width=device-width, initial-scale=1" />
		<link rel="stylesheet" href="../../assets/css/main.css" />
	</head>
	<body class="subpage">
    <!-- Google Tag Manager -->
    <script>(function(w,d,s,l,i){w[l]=w[l]||[];w[l].push({'gtm.start':
    new Date().getTime(),event:'gtm.js'});var f=d.getElementsByTagName(s)[0],
    j=d.createElement(s),dl=l!='dataLayer'?'&l='+l:'';j.async=true;j.src=
    'https://www.googletagmanager.com/gtm.js?id='+i+dl;f.parentNode.insertBefore(j,f);
    })(window,document,'script','dataLayer','GTM-M33JZZG');</script>
    <!-- End Google Tag Manager -->

		<!-- Header -->
			<header id="header">
				<div class="logo"><a href="index.html">Square <span>by Kunal</span></a></div>
				<a href="../../menu">Menu</a>
			</header>

		<!-- Nav -->
			<nav id="menu">
				<ul class="links">
					<li><a href="../../index.html">Home</a></li>
					<li><a href="../../generic.html">Generic</a></li>
					<li><a href="../../elements.html">Elements</a></li>
				</ul>
			</nav>

		<!-- One -->
			<section id="One" class="wrapper style3">
				<div class="inner">
					<header class="align-center">
						<p>Recursive Square</p>
						<h2>Behind the Scenes of the golden square</h2>
					</header>
				</div>
			</section>

		<!-- Two -->
			<section id="two" class="wrapper style2">
				<div class="inner">
					<div class="box">
						<div class="content">
							<header class="align-center">
								<p>How?</p>
								<h2>Recursive Square</h2>
							</header>
							<p>So this is the How for the Golden square thing, I made this in a very similar fasion to the recursive tree generator.</p>
							<a href="../tree/how.html" class="button special">How Tree?</a>
							<p></p>
							<p>This was also made in inspiration from Gold Plated Goof's video on his favourite math things.</p>
						</div>
					</div>
				</div>
			</section>

		<!-- Footer -->
			<footer id="footer">
				<div class="copyright">
					&copy; Kunal The Chandan. All rights reserved.
				</div>
			</footer>

		<!-- Scripts -->
			<script src="../../assets/js/jquery.min.js"></script>
			<script src="../../assets/js/jquery.scrollex.min.js"></script>
			<script src="../../assets/js/skel.min.js"></script>
			<script src="../../assets/js/util.js"></script>
			<script src="../../assets/js/main.js"></script>

	</body>
</html>
